



                                    D
                     k            yyyy    
                     kkk
Y              kkkkkkkkkkk
                     kkk             
                     k                          Eyyyyy
                                   H
                                   #
                                   #                 G
                                   #     # 
                            C      #  F  #
                                   #     #
                      Byyyyyyyyyyyyyyyyyy# 
                               k                yyyyyy 
                                         k
                               k
                                         k               f                             
           A                   k
      p                                  k
     yyyyyyyyyy                k
                                         k
                               k          

                       S
;
§diz
Rotate your way to the finish !

There are four different solutions to this room.


§challenge
message=Can you complete the room in less than 5 seconds ?
time=5

§challenge
message=Can you complete the room in less than 3 seconds ?
time=3


§switch
cell=A
toggle_script=A:active 0,rotatecw player

§wall
cell=B+3;-6
size=1;13

§switch
cell=C
on_script=player:rotate +1

§wall
cell=D+0;-5
size=1;36

§wall
cell=E+3;-6
size=1;13

§switch
cell=F
toggle_script=F:active 0,player:rotate cw

§wall
cell=H
size=18;1

§finish
cell=Y
achievement=secret_pointsofview
warp=c:up

§spike
cell=S
size=1;56
visible=!`secret_pointsofview



