                                                                                                    
                                                                                                    
                                                                                                    
                                                                                                    
                                                                                                    
                                                                                                    
                                                                                                    
                                                                                                    
                                                                                                    
                                                                                                    
                                                                                                    
                                                                                                    
                                                                                                    
                                                                                            ######  
                                                                                            #    #  
    #       #####                          u                    u                           # Y  #  
          k                                                                                 #    #  
                                                                                            #bbbb#  
          #                                                                                         
                                                                                                    
                                                                                                    
    #                                                                                               
                                                                                                    
                                                                                                    
          #                                                                                         
                                                                                                    
                                                                                                    
                                                                                                    
    p                                                                                               
   ## # # ##                                                                                f f f   
                                                                                                    
                                                                                                    
                                                                                                    
                                                                                                    
                                                                                                    
                                                                                                    
                                                                                                    
                                                                                                    
                                                                                                    
                                                                                                    
                                                                                                    
                                                                                                    
                                                                                                    
                                                                                                    
                                                                                                    
                                                                                                    
                                                                                                    
                                                                                                    
                                                                                                    
                                                                                                    
;
§diz
Make your way to the finish by jumping across platforms. 
Hold UP to jump higher.
§end

§finish
cell=Y
achievement=secret_up
message=A door has openend somewhere..

