


rttttttttttttttttttttttttttttttttttttttttttttttl
r           #                                  l
r                                              l
r                                              l
r                                              l
r                bb                            l
r                               bbbbbbbbb      l
r                                              l
r                                              l
r                                              l
r                                       bbbbbbbl
r                  yyyy                        l
r                                              l                 A
r                                              l
r       yyyyyyy                         bbbbbbbl
r                   bbbb                       l
r                                              l
r                                              l
r       bbbbbbbbbbb                            l                           F
r                                              l
r                           bbbb               l             ####################
r                                              l             #                   
r                                              l             #   D              C
r                                              l             #                   
r         u        bbb                         #             ####################
r                                                            #
r                                                            #
r                                                            #
r                                                            #
r                B                                           #
r            p                                               #
r#############################################################
r
r            E

;


§up
id=up1

§up
id=up2

§up
id=up3

§up
id=up4

§up
id=up5

§wheel
cell=A
size=18;18
speed=-2
members=up1,up2,up3,up4,up5

§info
cell=B
message=Welcome to the ninja-rope funpark :)

§door
cell=C
vertical=1
open=`test_hook_secret

§finish
cell=D
warp=c:hardcore

§finish
cell=E
achievement=test_hook_secret
message=The door to the finish has openend

§info
cell=F
message=Reach the orange finish to open the door to the exit
