                                                                                          
                                                                                          
##########################################################################################
#                                                                                        #
#                                                                                        #
#                                                                                        #
#                                                                                        #
#                                                                                        #
#                                                                                        #
#                             #                                                          #
#                             #                                                          #
#                             #                                                          #
#                           #####                                                        #
#     A                      ###                                                         #
#   p                         #                                                          #
##############                                                                           #
                                                                                         #
                                                                                         #
                                            #                                            #
                                           ###                                           #
                                          #####                                          #
                                            #                                            #
                                            #                                            #
                                                                                         #
                                                                                         #
                                            f                                            #
                                                                                         #
                                                                                         #
                                        ##########                                       #
                                        ##########                                       #
;
§diz
Press DOWN while falling up to overcome the inverted gravity.
§end

§global
player_gravity=0.3
player_speed=0.6
player_gravitystompoffset=80

§switch
cell=A
toggle=1
on_script=player:gravity -1, player:speed 1.0
off_script=player:gravity 0.3, player:speed 0.6

§end
