                                                                                          
                                                                                          
##############################################                                            
#                      ###                   #                                            
#                      ###                   #                                            
#                      ###                   #                                            
#                      ###                   #                                            
#                      ###          f        #                                            
#                      ###                   #                                            
#                      ###                   #                                            
#  p                   ###                   #                                            
#                                            #                                            
##############################################                                            
                                                                                          
                                                                                          
                                                                                         
;
§diz
Run, then press DOWN to crouch and slide through the passage.
§end
