
         f

     yyyyyyyyyy                                 l
                                                l
                                                l
                 u         kk kk                l 
                          kkkkkkk               l            
                           kkkkk          f     l           
                            kkk                 l
                             k       yyyyyyyyyyyl
                     u               l
                                     l
                                     l
                                     l
                     u               l
                                     l
                                     l
                                     l
                     u               l
                                     l
                                     l
                                     l
                     u               l
                                     l
                                     l
                                     l
                     u               l
                                     l
        D                            l
                                     l
                                     l
                                     l
                                     l
                    yyyyyyyyyyyyyyyyyl
                    l 
                    l 


                          C



                 B


                       
                       
    yyyyyyyyyyyyyyyyyyyl
    l
    l
    l


          A
 p 
####


;
§diz
Jump across the elastic platforms to reach the finish!


Challenge: Can you complete the room using only one elastic platform?

§challenge
message=Can you complete the room in under 8 seconds ?
time=8


§elastic
cell=A
sinkspeed=-0.04
decay=0.953
elasticity=0.1
range=24
size=24;1

§elastic
cell=B
sinkspeed=-0.1
decay=0.943
elasticity=0.6
range=24
size=24;1

§elastic
cell=C
sinkspeed=-0.1
decay=0.943
elasticity=0.6
range=24
size=24;1

§elastic
cell=D
sinkspeed=0.23
decay=0.943
elasticity=0.16
range=96
size=30;1
