



                                                            
                                                           
                              S                             
                            #####                           
                                                            
                                                            
                                                            
                                                             
                                                            
                                                            
                            B                               
                                                            
                                                            
                                                                                        Z
# p        ##       A                                                               
############################################################kkkkkkkkkkkkkkkkkkkkkkkkkk######
    
;
§diz
Stomp and throw the runner so that it hits the switch on the top
of the door.


§runner
cell=A
mover=1
dirx=1
speed=0.4
gravity=1
collideother=1
semipermeable=1
size=6;6
revivetime=0

§door
cell=B
size=15

§switch
cell=S
toggle_script=open B,S:visible 0

§finish
id=f

§wave
cell=Z
size=0;12
speed=3.4
members=f
