

                      ############
                      #          #
                      #    f     #
                      #          #
                      #          #
                      #          #
                      #          #
               ########   ########
               #          #
               #          #
               #          #
               #          #
               #          #
               #          #
               #          #
               #          #
               #          #
               #          #
               #          #
               #          #
               #          #
               #          #
               #          #
################          #                 
#                         #                    
#                H        #                    
#                         #                    
#    #####                #                    
#    #####     #s s s s s ####################################
#    #####     #                                             #
#              #                                             #
#           u  #              C                         Z    #
#              #                                             #
###########    ###############################################
          #                                  #
          #                                  #
          #     B                            #
          #                                  #
          ###############################    #
          #                                  #
          #                                  #
                    A                        #
          X p                                #
          ####################################




 bbbbbbbbbb

                   W

         bbbbbbbbbbbbbbbb

;
§diz
Make your way to the finish without touching the red blocks!


§challenge
message=Can you reach the alternate finish and complete the room in under 9 seconds ?
time=9

§wall
cell=X+0;3
size=3;9

§wall
cell=X
size=3;3
semipermeablex=1
semipermeable=1
color=#fff4f400

§finish
cell=W
warp=a:warp

§spike
id=As1
size=6;6
walkable=1

§spike
id=As2
size=6;6
walkable=1

§spike
id=As3
size=6;6
walkable=1

§spike
id=As4
size=6;6
walkable=1

§spike
id=As5
size=6;6
walkable=1

§wave
cell=A
size=60;12
type=sin
speed=-5
innerspeed=65
members=As1,As2,As3,As4,As5


#
# B
#

§spike
id=Bs1
size=6;6
walkable=1

§spike
id=Bs2
size=6;6
walkable=1

§spike
id=Bs3
size=6;6
walkable=1

§spike
id=Bs4
size=6;6
walkable=1

§spike
id=Bs5
size=6;6
walkable=1

§wave
cell=B
size=60;12
type=smoothstep
speed=5.85
innerspeed=65
members=Bs1,Bs2,Bs3,Bs4,Bs5


#
# C
#

§spike
id=Cs1
size=6;6
walkable=1

§spike
id=Cs2
size=6;6
walkable=1

§spike
id=Cs3
size=6;6
walkable=1

§spike
id=Cs4
size=6;6
walkable=1

§spike
id=Cs5
size=6;6
walkable=1

§spike
id=Cs6
size=6;6
walkable=1

§spike
id=Cs7
size=6;6
walkable=1

§wave
cell=C
size=68;12
speed=-7.3
innerspeed=95
members=Cs1,Cs2,Cs3,Cs4,Cs5,Cs6,Cs7
type=tri


§finish
id=Zf

§wave
cell=Z
size=0;12
speed=5
members=Zf


§up
id=Hu1

§up
id=Hu2

§up
id=Hu3

§up
id=Hu4

§up
id=Hu5

§up
id=Hu6

§up
id=Hu7

§wave
cell=H
vertical=1
angle=90
size=24;60
speed=5
innerspeed=75
members=Hu1,Hu2,Hu3,Hu4,Hu5,Hu6,Hu7
