                                                                                          
                                                                                          
##########################################################################################
#                                                                                        #
#                                                                                        #
#                                                                                        #
#                                                                               f        #
#                                                                                        #
#              p                                                                         #
#              ################            ############             ######################
#                                                                                        #
#                                                                                        #
#                                                                                        #
########                                                                                 #
#                                                                                        #
#                                                                                        #
#         ########                                                                       #
#                                                                                        #
#                                                                                        #
#############################              ###############################################
#                                          #                                              
#                                          #                                              
#                                          #                                              
#                          #################                                              
#                                          #                                              
#                                          #                                              
#                                          #                                              
#                                          #                                              
#                                          #                                              
############################################                                              
;
§diz
Make your way to the finish by jumping across platforms. 
Hold UP to jump higher.

§runner
pos=3;102
size=6;6
dirx=1
gravity=1.0
speed=0.5
color=#ff00ff00
mover=1

§runner
pos=230;66
size=8;12
dirx=-1
gravity=1.0
speed=0.3
mover=1

§end
