                                                                                  
                                                                                  
  #   # #### #    ##  ##  ## ## ####   ###  ##     #  #  # ## ## ###  #  #   ##   
  #   # #  # #   #   #  # # # # #  #    #  #  #     # #  # # # # #  # ####   ##   
  # # # ###  #   #   #  # #   # ###     #  #  #     # #  # #   # ###     #        
  ## ##  ###  ##  ##  ##  #   #  ###    #   ##    ##   ##  #   # #    ###    ##   
                                                                                  
##################################################################################
#                                                                           f f  #
# p                                                                         f f  #
#######       ###########        ##############              #####################
      #########          ########              ###           #                    
                                                  ###        #                    
                                                     ###     #                    
                                                        ###  #                    
                                                           ###                    
;
§diz
Welcome to Jumpy !

Reach the green chequer on the right end to complete this room.

§end
