                                                                                          
                                                                                          
###########################################
#                   #                     #
#                   #                     #
#                   #                     #
#                   #                     #
#                   #  f    k             #
#                p  #       k             #
#              ##############             #
#                           #             #
#                           #             #
#                           #             #
#                           #             #
#yyyyyy                                   #
#                                         #
#                                         #
#                                         #
#                                         #
###########################################
;
§diz
Make your way to the finish while avoiding the red kill blocks. 

§runner
pos=3;102
size=6;6
dirx=1
gravity=1.0
speed=1.0
mover=0

§runner
pos=36;66
size=6;6
dirx=-1
gravity=1.0
speed=0.75
mover=0

§runner
pos=36;66
size=8;12
dirx=1
gravity=1.0
speed=0.4
mover=0

§runner
pos=100;96
size=20;1
diry=-1
gravity=0.0
speed=0.1
mover=1

§runner
pos=87;60
size=6;6
dirx=1
gravity=0.0
speed=1.0
mover=0

§runner
pos=90;60
size=6;6
dirx=-1
gravity=0.0
speed=0.75
mover=0

§runner
pos=87;36
size=6;6
dirx=-1
gravity=0.0
speed=0.5
mover=0

§end
