  #                                                                                
  #                                ########################                                                 
  #                                #                      #                                                 
  #                                #                 f    #                                                 
  #                                #                      #                                                 
  #                                #            ###########                                                 
  #                                #            #         #                                                 
  #                                #            #    u    #                                                 
  #                                #            #         #                                                 
  #                                #            ###########                                                 
  #                                #            #         #                                                 
  #                                #            #    f    #                                                 
  #                                #            #         #                                                 
  #                                #    ###################                                                 
  #                                #    #                                                                                   
  #                                #    #                                                                                   
  #                                #    #                                                                                   
  #                                #    #                                                                                   
  #                                #    #                                                                                   
  #                                #    #                                                                                   
  #                                #    #                                                                                   
  #                                #    #                                                                                   
  #                                #    #                                                                                   
  #                                #    #                                                                                   
  #                                #    #                                                                                   
  #      ##########                #    #                                                                                   
  #      #        #                #    #                                                                                   
  #      #        #                #    #                                                                                   
  #      #   u    #                #    #                                                                                   
  #      #        #                #    #                                                                                   
  #      #        #                #    #                                                                                   
  #      #   u    #                #    #                                                                                   
  #      #        #                #    #                                                                                   
  #  p   #        #                     #                                                                                   
  ########        #######################                                                                                   
;
§diz
Wall-jump your way up to the finish !

  You can jump off a wall when sliding down:
     1) first hold LEFT and UP respectively RIGHT and UP 
         (depending on which side of the player the wall is)
        to slide
     2) release all keys, then quickly press UP and RIGHT 
        respectively LEFT (the opposite direction)
§end
