          kkkkkk      kkkkkk      kkkkkk      kkkkkk      kkkkkk      kkkkkk      kkkkkk      kkkkkk      kkkkkk      




                                                                                                                             
                                                                                                                             
 p        A           B           C           D           E           F           G           H           I                  
##########kkkkkk######kkkkkk######kkkkkk######kkkkkk######kkkkkk######kkkkkk######kkkkkk######kkkkkk######kkkkkk####         #
k                                                                                                                            #
k                                                                                                                            #
k                                                                                                                            #
k                                                                                                                            #
k   f                                                                                                                        #
k         J           K           L           M           N           O           P           Q           R                  #
##############################################################################################################################

;
§diz
This room introduces sequencers that will open and close the doors 
along your way according to simple patterns.

§sequencer
speed=48
step0=toggle A, toggle B, toggle C, toggle D, toggle E, toggle F, toggle G, toggle H, toggle I

§sequencer
speed=64
step0=toggle A, toggle C, toggle E, toggle G, toggle I

§door
cell=A
open=1
size=6

§door
cell=B
size=6

§door
cell=C
open=1
size=6

§door
cell=D
size=6

§door
cell=E
open=1
size=6

§door
cell=F
size=6

§door
cell=G
open=1
size=6

§door
cell=H
size=6

§door
cell=I
open=1
size=6



§door
cell=J
size=6

§door
cell=K
size=6

§door
cell=L
size=6

§door
cell=M
size=6

§door
cell=N
size=6

§door
cell=O
size=6

§door
cell=P
size=6

§door
cell=Q
size=6

§door
cell=R
size=6

§sequencer
speed=18
step0=toggle R
step1=toggle Q
step2=toggle P
step3=toggle O
step4=toggle N
step5=toggle M
step6=toggle L
step7=toggle K
step8=toggle J


§end
