                                                             k
                                                             k
                                                             k
                                                             k
                                                             k
                                                    
                                               
               #        E        #        F        #         #         
                                               
                                                    
                                                    
                                                    
               A                 B                 C         G
         D                                                         Z
     p                                              
 #######################################################################
;
§diz
Use switches to open doors.

The first switch triggers an ~4 second countdown and opens the last door.

You must reach the finish before the timer expires, activating the other
switches to open the doors in between.

There are three different ways to solve this room.


§door
cell=A

§door
cell=B

§door
cell=C

§door
cell=G
open=1

§switch
cell=D
toggle=0
on_script=open A, start timerCloseG, start timerCloseA

§timer
id=timerCloseA
timeout=30
expire_script=close A

§timer
id=timerCloseG
timeout=250
expire_script=close G

§switch
cell=E
toggle=0
on_script=open B, start timerCloseB

§timer
id=timerCloseB
timeout=40
expire_script=close B

§switch
cell=F
on_script=open C


§finish
cell=Z

§end
