                                                                                          
                                                                                         
                                                      f                                   
                                                                                          
                                                                                          
                                                                                          
                                                                                          
                                                      ##                                  
                                                                                          
                                                                                          
                                                                                          
                                                                                          
                                                                                           
                                                                 ####                         
                                                                 kkkk                     
                                                                                          
                                                                                          
                                                                                          
                                                                                          
                                                                            ####          
                                                                            kkkk          
                                                                                          
                                                                                          
                                                                                          
                                                     ####                                 
                                                                                          
                                                                                          
                                                                                          
                                                                                          
                                                                                          
                                                                                          
                                                                 ####                    #
                                                                                         #
                                                                                         #
                                                                            ####       ###
                                                                                         #
                                                                                         #
      p                                                                                  #
   #########                               #######                                 #######
                                                                                          
   kkkkkkkkkkkkkkkkkkkkkkkkkkkkkkkkkkkkkkkkkkkkkkkkkkkkkkkkkkkkkkkkkkkkkkkkkkkkkkkkkkkkkkk
                                                                                          
                                                                                          
                                                                                          
                                                                                          
                                                                                          
                                                                                          
                                                                                          
                                                                                          
;
§diz
Use the green platforms to carry you to the finish but
be careful not to get crushed !

§runner
pos=50;60
size=10;6
dirx=1
gravity=0.0
speed=0.5
mover=1

§runner
pos=180;60
size=10;6
dirx=1
gravity=0.0
speed=1.0
mover=1

§runner
pos=228;120
size=12;8
dirx=0
diry=1
gravity=0.0
speed=0.5
mover=1

§runner
pos=195;102
size=12;8
dirx=0
diry=1
gravity=0.0
speed=0.6
mover=1

§runner
pos=159;168
size=12;8
dirx=0
diry=1
gravity=0.0
speed=0.7
mover=1

§end
