                                                                                                    
                                                                                                    
                                                                                                    
                                                                                                    
                                                                                                    
                                                                                                    
                                                                                                    
                                                                                                    
                                                                                                    
                                                                                                    
                                                                                                    
                                                                                                    
                                                                                                    
                                                                                            ######  
                                                                                            #    #  
    #       #####                          u                    u                           # f  #  
          k                                                                                 #    #  
                                                                                            ######  
          #                                                                                         
                                                                                                    
                                                                                                    
    #                                                                                               
                                                                                                    
                                                                                                    
          #                                                                                         
                                                                                                    
                                                                                                    
                                                                                                    
    p                                                                                               
   ## # # ##                                                                                f f f   
                                                                                                    
                                                                                                    
                                                                                                    
                                                                                                    
                                                                                                    
                                                                                                    
                                                                                                    
                                                                                                    
                                                                                                    
                                                                                                    
                                                                                                    
                                                                                                    
                                                                                                    
                                                                                                    
                                                                                                    
                                                                                                    
                                                                                                    
                                                                                                    
                                                                                                    
                                                                                                    
;
§diz
Make your way to the finish by jumping across platforms. 
Hold UP to jump higher.
§end
