


                                   k
                                   k
                                   k
                                   k
                                   k
                                   k
                                   kkkkkkkkkkkkkkkkkk ######
                                   k u              k #    #
                            u      u u              k # Y  #
                           u  u      u              k #    #
                          u   u      u      u       k #    #
                         u    u      u      u       k #y  y#
                        u     u      u      u       k  l  r     f
W           w          u      u      u      u       k  l  r      
#           #         #       u             u             r   
# p         #       D #       u u u u u u u u u u u u u u rbbbbbbbbbbbbbbbb
########################kkkkkkkkkkkkkkkkkkkkkkkkkkkkkkkkkkkkkkkkkkkkkkkkk             
    
;
§diz
Stomp to temporarily turn runners into collectables.

Hint: As long as you carry an item or runner, you can walk on
      other collectables!

§runner
cell=D
mover=1
dirx=1
speed=0.5
gravity=1
collideother=1
semipermeable=1
size=6;6
revivetime=0

§finish
cell=Y
achievement=hook
message=Grappling hook unlocked !;;Press D or A to use it.;Now you can reach the real finish !

§spike
cell=W
visible=!`hook
