                                                                                          
                                                                                          
##########################################################################################
#                                                                                        #
#                                                                                        #
#                                                                                        #
#                                                                               f        #
#                                                                                        #
#                                                                                        #
#              ################            ############             ######################
#                                                                                        #
#                                                                                        #
#                                                                                        #
########                                                                                 #
#                                                                                        #
#                                                                                        #
#         ########                                                                       #
#                                                                                        #
#                                                                                        #
#############################              ###############################################
#                                          #                                              
#                                          #                                              
#                                          #                                              
#                          bbbbbbbbbbbbbbbb#                                              
#                                          #                                              
#                                          #                                              
#            #######                       #                                              
#                                          #                                              
#   p                                      #                                              
############################################                                              
;
§diz
You are a dot. Make your way to the finish by jumping across platforms. 
Hold UP to jump higher.

In this room, you are forced to play crouched.


§challenge
message=Can you complete this room in under 9 seconds ?
time=9

§challenge
message=Can you complete this room in under 7 seconds ?
time=7


§global
player_alwayscrouch=1

