

                    

                                              
                                               
                                              
                D                             
                                               






                                              
                                               

                                 C                             
                               yyy                              
                                               
                                              
                                               
                B                             
               yy                              


                                              
                                               

                              A               
                             yy               
                                               
       p                                      
################                              


                kkkkkkkkkkkkkkkkkkkkkkkkkkkkkkkkkkkkkkkkkk

;
§diz
Make your way to the finish without touching the red blocks!


§end

§challenge
message=Can you complete this room in under 5 seconds ?
time=5

#
# A
#

§spike
id=As1
size=6;6

§spike
id=As2
size=6;6

§spike
id=As3
size=6;6

§spike
id=As4
size=6;6

§spike
id=As5
size=6;6

§runner
id=Ar1
size=12;1
visible=0
semipermeable=1

§wheel
cell=A
size=18;18
speed=-2
members=As1,As2,As3,As4,As5,Ar1

§switch
id=Aswitch
cell=A-3;0
visible=0
on_script=Aswitch:active 0, Ar1:visible 1

#
# B
#

§spike
id=Bs1
size=6;6

§spike
id=Bs2
size=6;6

§spike
id=Bs3
size=6;6

§spike
id=Bs4
size=6;6

§spike
id=Bs5
size=6;6

§runner
id=Br1
size=12;1
visible=0
semipermeable=1

§wheel
cell=B
size=18;18
angle=120
speed=2
members=Bs1,Bs2,Bs3,Bs4,Bs5,Br1

§switch
id=Bswitch
cell=B-3;0
visible=0
on_script=Bswitch:active 0, Br1:visible 1



#
# C
#

§spike
id=Cs1
size=6;6

§spike
id=Cs2
size=6;6

§spike
id=Cs3
size=6;6

§spike
id=Cs4
size=6;6

§spike
id=Cs5
size=6;6

§runner
id=Cr1
size=12;1
visible=0
semipermeable=1

§wheel
cell=C
size=18;18
angle=220
speed=-2
members=Cs1,Cs2,Cs3,Cs4,Cs5,Cr1

§switch
id=Cswitch
cell=C-3;0
visible=0
on_script=Cswitch:active 0, Cr1:visible 1



#
# D
#

§up
id=Du1
size=6;6

§up
id=Du2
size=6;6

§up
id=Du3
size=6;6

§up
id=Du4
size=6;6

§up
id=Du5
size=6;6

§finish
id=Df1
size=6;6

§wheel
cell=D
size=24;24
angle=180
speed=-2
members=Du1,Du2,Du3,Du4,Du5,Df1

