



                                                           #
                                                       f   #
                                                           #
                                                           #
                                                           #
                            u                              #
                          u #                              #
                        u   #                              # 
                      u     #                              #
                    u       #                              #
                  u         #                              #
                u           #                              #
              u             #       u                      #
            u               #                              #
# p       u #       D       #       #  A  B  C             #
############################################################

           
    
;
§diz
Stomp to temporarily turn runners into collectables.
Stack them and reach the finish!

Hint: As long as you carry an item or runner, you can walk on
      other collectables!


§runner
cell=A
mover=1
dirx=1
speed=0.4
gravity=1
collideother=1
semipermeable=1
size=6;6
#evivetime=420

§runner
cell=B
mover=1
dirx=1
speed=0.2
gravity=1
collideother=1
semipermeable=0
size=6;6
revivetime=420

§runner
cell=C
mover=1
dirx=1
speed=0.22
gravity=1
collideother=1
semipermeable=0
size=6;6
revivetime=420

§runner
cell=D
mover=1
dirx=1
speed=0.5
gravity=1
collideother=1
semipermeable=1
size=6;6
revivetime=180

