#
#
#
#
#       
#       f                 k
#
#                         I
#                         #        
#       ##                        k
#
#                                  
#                                 H                 
#                                 #
#                                 k
#                                         G
#                                 k        
#                                 F        
#                         k               
#                         E
#       A         k       
#       B
#       ##        D
#        
#       C
# p
##################################################
;
§diz
Be careful not to be crushed by the blinking areas and
make your way to the finish in the top left corner.

§challenge
message=Can you complete this room in under 3 seconds ?
time=3

§challenge
message=Can you complete this room in under 2 seconds ?
time=2


§runner
cell=A
diry=1
gravity=0

§switch
cell=B
on_script=open C, close D, open E, close F, open G, close H, open I
off_script=close C, open D, close E, open F, close G, open H, close I

§door
cell=C
vertical=1
size=14
open=0

§door
cell=D
vertical=1
size=14
open=1

§door
cell=E
vertical=1
size=14
open=0

§door
cell=F
vertical=1
size=14
open=1

§door
cell=G
vertical=1
size=14
open=0

§door
cell=H
vertical=1
size=8
open=1

§door
cell=I
vertical=1
size=8
open=0


§end
