



    
  
                    
                                  
                                  
                                   
               B             A    


                       k       u
                       k           
                       k            
            D          k            
                       k         
                       k         
                       k   p                                              
                      ryyyyyyyyyyyyyyyyyyyyyyyl                  






                                u                                                  


                              C                   
;
§diz
Up, down, and away !


§challenge
message=Can you complete this room in under 7 seconds ?
time=7

§challenge
message=Can you complete this room in under 3 seconds ?
time=3



§end

#
# Macro "rect
#

§macro
rect

°wall
cell=$cell-15;12
size=30;1
semipermeable=1

°wall
cell=$cell-15;-7
size=30;1
semipermeable=1

°wall
cell=$cell-16;-7
size=1;20
semipermeable=1

°wall
cell=$cell+15;-7
size=1;20
semipermeable=1


#
# Macro "switchbox"
#

§macro
switchbox

°call
macro=rect
cell=$cell

°switch
id=sw_$cell
cell=$cell
toggle_script=player:rotate $rot,$switchcmd


#
# Macro "finishbox"
#

§macro
finishbox

°call
macro=rect
cell=$cell

°finish
cell=$cell


#
# Macro calls
#

§call
macro=switchbox
cell=A
rot=+2
switchcmd=sw_A:visible 0,sw_A:active 0

§call
macro=finishbox
cell=B

§call
macro=switchbox
cell=C
rot=ccw
switchcmd=sw_C:visible 0,sw_C:active 0,player:rotate ccw

§call
macro=switchbox
cell=D
rot=cw
switchcmd=sw_D:visible 0,sw_D:active 0,player:rotate ccw
