r                                              l
r                                              l
r                                              l
r                                              l
r                                              l
r                                              l
r                                              l
r          B                                   l
r                                              l
r       ###########                            l
r                 #                            l
r       D X A     #                            l
r                 #                            l
r       ttttttttttt                            l
r                                              l
r                                              l
r                                              l
r                                              l
r                                              l
r                                              l
r                                              l
r                                              l
r                                              l
r                                              l
r                I                             l
r            p                                 l
r###############################################
;
Use the grappling hook to reach the exits
to worlds 'c' or 'd'.

§info
cell=I
message=Use the grappling hook to reach the exits;to worlds 'c' or 'd'.


§finish
cell=A
achievement=world_c
warp=c:welcome

§finish
cell=B
achievement=world_d
warp=d:welcome

§door
cell=D
open=1

§switch
cell=X
visible=0
toggle=0
on_script=close D
