
                                                                                  
  #   # #### #    ##  ##  ## ## ####   ###  ##     #  #  # ## ## ###  #  #   ##   
  #   # #  # #   #   #  # # # # #  #    #  #  #     # #  # # # # #  # ####   ##   
  # # # ###  #   #   #  # #   # ###     #  #  #     # #  # #   # ###     #           C
  ## ##  ###  ##  ##  ##  #   #  ###    #   ##    ##   ##  #   # #    ###    ##   
                                                                                  
##################################################################################
                                                                            f f  #
B p                                                                         f f  #
#######       ###########        ##############              #####################
      #########          ########              ###  A        k                    
                                                  ###        k                    
                                                     ###     k                    
                                                        ###  k                    
                                                           ###                    
;
§diz
Welcome to Jumpy !

Reach the green chequer on the right end to complete this room.

§switch
cell=A
visible=0
active=1
on_script=A:active 0,open B,rotateccw player

§door
cell=B
open=0
color=#ffffff00

§finish
cell=C
achievement=normal_welcome_secret
warp=b:avoid
