                                                                                          
                                                                                          
##########################################################################################
#                                                                                        #
#                                                                                        #
#                                                                                        #
#                                                                                        #
#                                                                                        #
#                                                                                        #
#                             #                                                          #
#                             #                                                          #
#                             #                                                          #
#                           #####                                                        #
#                            ###                                                         #
#   p                         #                                                          #
##############                                                                           #
                                                                                         #
                                                                                         #
                                            #                                            #
                                           ###                                           #
                                          #####                                          #
                                            #                                            #
                                            #                                            #
                                                                                         #
                                                                                         #
                                            f                                            #
                                                                                         #
                                                                                         #
                                        ##########                                       #
                                        ##########                                       #
;
§diz
Press UP while falling down to float for a short period of time.
§end
