                                                            f  f  f  f  f  f  f  f  f  f                                                                                
                                                                                                                                                                        
                                                                                                                                                                        
                                                                                                                                                                        
                                                                                                                                                                        
                                                                                                                                                                        
                                                                                                                                                                        
                                                                                                                                                                        
                                                                                                                                                                        
                                                                                                                                                                        
                                                                                                                                                                        
                                               u            u  u  u  u  u  u  u  u  u  u                                                                                
                                                                                                                                                                        
                                                            u  u  u  u  u  u  u  u  u  u                                                                                
                                                                                                                                                                        
                                        u                   u  u  u  u  u  u  u  u  u  u                                                                                
                                                                                                                                                                        
                                                            u  u  u  u  u  u  u  u  u  u                                                                                
                                                                                                                                                                        
                                 u                                                                                                                                      
                                                                                                                                                                        
                                                                                                                                                                        
                                                                                                                                                                        
                        u                                                                                                                                               
                                                                                                                                                                        
                                                                                                                                                                        
                                                                                                                                                                        
               u                                                                                                                                                        
                                                                                                                                                                        
                                                                                                                                                                        
                                                                                                                                                                        
    p                                                                                                                                                                   
########             u u u u u u u u u u u u u u u u u u u u u u u u u u u u u u u u u u u                                                                              
                                                                                                                                                                        
                                                                                                                                                                        
                                                                                                                                                                        
                                                                                                                                                                        
                                                                                                                                                                        
;
§diz
After collecting a jump item, press UP to use it.

Reaching the finish line may seem impossible at first
but I am sure you will make it, with a bit of practice !
§end
