
                   
           Z


        yyyyyyy 





                     F
                yyyyyyyyyyy





          E
     yyyyyyyyyyy



   
    
                     D
                yyyyyyyyyyy





          C
      yyyyyyyyy





                     B
                 yyyyyyyyy





          A
      yyyyyyyyy


                 p                               
  ##############################                  
                                                  
                                                  
;
§diz
test


§macro
mymacro

°runner
cell=$cell
dirx=$dir
gravity=1
size=6;6
speed=0.5

°switch
cell=$cell-13;0
toggle_script=$cell:dirx invert
onlyrunners=1

°switch
cell=$cell+13;0
toggle_script=$cell:dirx invert
onlyrunners=1


§macro
mymacro2

°runner
cell=$cell
mover=0
dirx=$dir
gravity=1
size=3;8
speed=0.4

°switch
cell=$cell-16;0
toggle_script=$cell:dirx invert
onlyrunners=1

°switch
cell=$cell+16;0
toggle_script=$cell:dirx invert
onlyrunners=1



§call
macro=mymacro
cell=A
dir=1

§call
macro=mymacro
cell=B
dir=-1

§call
macro=mymacro
cell=C
dir=1

§call
macro=mymacro2
cell=D
dir=-1

§call
macro=mymacro2
cell=E
dir=1

§call
macro=mymacro2
cell=F
dir=-1

§finish
cell=Z-0;0

§wave
cell=Z
size=0;12
speed=4
members=Z-0;0
