

                      C  
                         D
                       l
                       l
                       l
                       l
                       l
                       l
                       l
      R                l
                       l
                       l
 p            #        l
###                   Bl E
      A       #        l

kkkkkkkkkkkkkkkkkkkkkkkkkkkkkkkkkkkkkkkkkkkkkkkkkkkkkkkkkkkkkkkkkkkkkkkkkkkkkkkkkkkkkkkkkkkkkkkkkkkkkk
;
§diz


§global
player_walkfrictionh=0.95
player_flyfrictionh=0.95
timescale=0.7

§runner
cell=R+0;0.2
id=R
gravity=0.0
size=5.6;5.6
dirx=0
diry=-1
speed=0.37
turnaround=0
semipermeable=1

§switch
cell=A
visible=0
onlyrunners=1
toggle_script=R:dirx 1, R:diry 0

§switch
cell=B
visible=0
onlyrunners=1
toggle_script=R:dirx 0, R:diry 1, R:speed 0.7

§switch
cell=C
visible=0
onlyrunners=1
toggle_script=R:dirx 1, R:diry 0, R:speed 0.7

§switch
cell=D
visible=0
onlyrunners=1
toggle_script=R:dirx 0, R:diry -1, R:speed 1.0

§switch
cell=E
visible=0
onlyrunners=1
toggle_script=R:dirx 1, R:diry 0, R:speed 0.37

