rbbbbbbbbbbbbbbbbbbbbbbbbbbbbbbbbbbbbbbbbbbbbbbbbbbbbbbbb
r                                                       r
r                                                       r
r                                                       r
r                                                       r
r                             f                         r
r                                                       r
r                           kkkkkkk                     r
r                                                       r
r                                                       r
r             D                                         r
r                                                       r
r                                                       r
r                           #######                     r
r                                                       r
r                                                       r
r                                            C          r
r                                                       r
r                           #######                     r
r                                                       r
r                                                       r
r             B                                         r
r                                                       r
r                                                       r
r                           #######                     r
r                                                       r
r                                                       r
r                                            A          r
r                                                       r
r                           #######                     r
r               ####              r                     r
r                                 r                     r
r                       ##        r                     r        
r         p                       r                     r
rbbbbbbbbb#########################                     r
r                                                       r
rb                                                      r
r                                                       r
rbbb                                                    r
r                                                       r
r########################################################
;
§diz


§global
player_frictionh=0.903246975
player_flyfrictionh=0.98759985
player_crouchfrictionh=0.9685
player_walkspeedx=0.07
player_flyspeedx=0.05
player_nofloat=1
timescale=1.0
player_gravity=0.8


§elastic
cell=A
size=24;2
sinkspeed=-0.08
elasticity=0.1
decay=0.94

§elastic
cell=B
size=24;2
sinkspeed=-0.08
elasticity=0.1
decay=0.94

§elastic
cell=C
size=24;2
sinkspeed=-0.08
elasticity=0.1
decay=0.94

§elastic
cell=D
size=24;2
sinkspeed=-0.08
elasticity=0.1
decay=0.94

