


                                   k
                                   k
                                   k
                                   k
                                   k
                                   k
                                   k u kkkkkkkkkkkkkk ######
                                   k u              k #    #
                            u      u u              k # f  #
                           u  u      u              k #    #
                          u   u      u      u       k #    #
                         u    u      u      u       k #y  y#
                        u     u      u      u       k  l  r
k           w          u      u      u      u       k  l  r
#           #         #       u             u             r  
# p         #       D #       u u u u u u u u u u u u u u u u u u u u u u 
########################kkkkkkkkkkkkkkkkkkkkkkkkkkkkkkkkkkkkkkkkkkkkkkkkk             
    
;
§diz
Stomp to temporarily turn runners into collectables.

Hint: As long as you carry an item or runner, you can walk on
      other collectables!

§runner
cell=D
mover=1
dirx=1
speed=0.5
gravity=1
collideother=1
semipermeable=1
size=6;6
revivetime=0
