

                  Z 

                  




       
                  T  









                  V








                  W
      
            u     u     u
                  
      u     u     u     u     u  

                               

  p       
####  yyyyyyyyyyyyyyyyyyyyyyyyyy
;
§diz
Ride the platforms up to the finish but do not touch the red blocks!


§challenge
message=Can you complete the room in under 6 seconds ?
time=6


§runner
id=r1
dirx=0
semipermeable=1
size=24;1

§runner
id=r2
dirx=0
semipermeable=1
size=24;1

§wheel
cell=W
size=36;24
members=r1,r2
speed=2

§up
cell=W



§spike
id=s1
size=6;6

§spike
id=s2
size=6;6

§spike
id=s3
size=6;6

§spike
id=s4
size=6;6

§runner
id=Vr1
size=24;1
semipermeable=1

§wall
id=w1
visible=0

§wheel
cell=V
size=18;18
members=s1,s2,s3,s4,Vr1,w1
speed=-2



§spike
id=Zs1
size=5;5

§spike
id=Zs2
size=4;4

§spike
id=Zs3
size=3;3

§spike
id=Zs4
size=4;4

§spike
id=Zs5
size=5;5

§finish
id=f1

§wheel
cell=Z
size=12;12
members=Zs1,Zs2,Zs3,Zs4,Zs5,f1
speed=-4



§runner
id=Tr1
size=24;1
semipermeable=1

§wheel
cell=T
size=6;12
members=Tr1
angle=90
speed=3
