                                       ##########                                         
                                       #        #                                              
                                       #        #                                             
                                       #D       #                                             
                     p                 ##########    ##                                       
                    ####                             C                                           
                                                                                            
                               #                     ##                                  
                                                                                          
                                            B                                              
                                                                                          
                                          #####                                                
                                                                                           
                               A                                 ####                         
                                                                 kkkk                     
                                                                                          
                                                                                          
                                                                                          
                                                                                          
                                                                            ####          
                                                                            kkkk          
                                                                                          
                                                                                          
                                                                                          
                               ####                   ####                                 
                                                                                          
                                                                                          
                                                                                          
                                                                                          
                                                                                          
                                                                                          
                                                                 ####                    #
                                                                                         #
                                                                                         #
                                                                            ####       ###
                                                                                         #
                                                                                         #
                                                                                         #
   #########                               #######                                 #######
                                                                                          
   kkkkkkkkkkkkkkkkkkkkkkkkkkkkkkkkkkkkkkkkkkkkkkkkkkkkkkkkkkkkkkkkkkkkkkkkkkkkkkkkkkkkkkk
                                                                                          
                                                                                          
                                                                                          
                                                                                          
                                                                                          
                                                                                          
                                                                                          
                                                                                          
;
§diz
Use the green platforms to carry you to the finish but
be careful not to get crushed !

§runner
pos=50;60
size=10;6
dirx=1
gravity=0.0
speed=0.5
mover=1

§runner
pos=180;60
size=10;6
dirx=1
gravity=0.0
speed=1.0
mover=1

§runner
pos=228;120
size=12;8
dirx=0
diry=1
gravity=0.0
speed=0.5
mover=1

§runner
pos=195;102
size=12;8
dirx=0
diry=1
gravity=0.0
speed=0.6
mover=1

§runner
pos=159;168
size=12;8
dirx=0
diry=1
gravity=0.0
speed=0.7
mover=1

§runner
cell=A
size=18;6
mover=1
diry=1
dirx=0
gravity=0
speed=0.5

§switch
cell=B
toggle_script=A:diry invert, C:open toggle, D:mover toggle

§door
cell=C
vertical=1

§runner
cell=D
gravity=0
dirx=1
diry=1
speed=0.3

§sequencer
speed=24
step0=D:visible toggle

§sequencer
speed=48
step0=D:active toggle

§end
